[my-shop-sigma-black.vercel.app/index.html]
[my-shop-sigma-black.vercel.app/apple-touch-icon.png]
[my-shop-sigma-black.vercel.app/favicon-32x32.png]
[my-shop-sigma-black.vercel.app/favicon-16x16.png]
[my-shop-sigma-black.vercel.app/site.webmanifest]
[cdn.jsdelivr.net/npm/remixicon@4.2.0/fonts/remixicon.css]
[backblue.gif]
[fade.gif]
[index.html]
[cdn.jsdelivr.net/npm/swiper@11/swiper-bundle.min.css]
[my-shop-sigma-black.vercel.app/style.css]
[my-shop-sigma-black.vercel.app/index-2.html]
[my-shop-sigma-black.vercel.app/shop.html]
[my-shop-sigma-black.vercel.app/img/product_01.jpg]
[my-shop-sigma-black.vercel.app/img/product_01b.jpg]
[my-shop-sigma-black.vercel.app/img/product_02.jpg]
[my-shop-sigma-black.vercel.app/img/product_02b.jpg]
[my-shop-sigma-black.vercel.app/img/product_03.jpg]
[my-shop-sigma-black.vercel.app/img/product_03b.jpg]
[my-shop-sigma-black.vercel.app/img/slider_01.jpg]
[my-shop-sigma-black.vercel.app/productcart.html]
[my-shop-sigma-black.vercel.app/img/slider_02.jpg]
[my-shop-sigma-black.vercel.app/img/slider_03.jpg]
[my-shop-sigma-black.vercel.app/img/guide_01.png]
[my-shop-sigma-black.vercel.app/img/guide_02.png]
[my-shop-sigma-black.vercel.app/img/guide_03.png]
[my-shop-sigma-black.vercel.app/img/product_06.jpg]
[my-shop-sigma-black.vercel.app/img/product_06b.jpg]
[my-shop-sigma-black.vercel.app/img/product_07.jpg]
[my-shop-sigma-black.vercel.app/img/product_07b.jpg]
[my-shop-sigma-black.vercel.app/img/product_08.jpg]
[my-shop-sigma-black.vercel.app/img/product_08b.jpg]
[my-shop-sigma-black.vercel.app/img/product_05.jpg]
[my-shop-sigma-black.vercel.app/img/product_05b.jpg]
[my-shop-sigma-black.vercel.app/img/product_04.jpg]
[my-shop-sigma-black.vercel.app/img/product_04b.jpg]
[my-shop-sigma-black.vercel.app/img/blog_01.jpg]
[my-shop-sigma-black.vercel.app/img/blog_02.jpg]
[my-shop-sigma-black.vercel.app/img/blog_03.jpg]
[my-shop-sigma-black.vercel.app/img/ig_01.jpg]
[my-shop-sigma-black.vercel.app/img/ig_02.jpg]
[my-shop-sigma-black.vercel.app/img/ig_03.jpg]
[my-shop-sigma-black.vercel.app/img/ig_04.jpg]
[my-shop-sigma-black.vercel.app/img/ig_05.jpg]
[cdn.jsdelivr.net/npm/swiper@11/swiper-bundle.min.js]
[my-shop-sigma-black.vercel.app/index.html]
[my-shop-sigma-black.vercel.app/safari-pinned-tab.svg]
[my-shop-sigma-black.vercel.app/main.js]
[cdn.jsdelivr.net/npm/remixicon@4.2.0/fonts/remixicon117c.eot]
[cdn.jsdelivr.net/npm/remixicon@4.2.0/fonts/remixicon117c.woff2]
[cdn.jsdelivr.net/npm/remixicon@4.2.0/fonts/remixicon117c.woff]
[cdn.jsdelivr.net/npm/remixicon@4.2.0/fonts/remixicon.css]
[cdn.jsdelivr.net/npm/swiper@11/swiper-bundle.min.css]
[my-shop-sigma-black.vercel.app/img/banner.png]
[my-shop-sigma-black.vercel.app/style.css]
[my-shop-sigma-black.vercel.app/index-2.html]
[my-shop-sigma-black.vercel.app/shop.html]
[cdn.jsdelivr.net/npm/remixicon@4.2.0/fonts/remixicon117c.ttf]
[cdn.jsdelivr.net/npm/remixicon@4.2.0/fonts/remixicon117c.svg]
[my-shop-sigma-black.vercel.app/img/custom-size.jpg]
[my-shop-sigma-black.vercel.app/productcart.html]
[cdn.jsdelivr.net/npm/remixicon@4.2.0/fonts/remixicon117c.svg]
